src/middleware/validate.middleware.ts(17,31): error TS2339: Property 'errors' does not exist on type 'ZodError<unknown>'.
src/middleware/validate.middleware.ts(17,42): error TS7006: Parameter 'err' implicitly has an 'any' type.
src/modules/notification/notification.controller.ts(15,67): error TS2345: Argument of type 'string | string[]' is not assignable to parameter of type 'string'.
  Type 'string[]' is not assignable to type 'string'.
src/modules/project/project.controller.ts(24,61): error TS2345: Argument of type 'string | string[]' is not assignable to parameter of type 'string'.
  Type 'string[]' is not assignable to type 'string'.
src/modules/sprint/sprint.controller.ts(24,57): error TS2345: Argument of type 'string | string[]' is not assignable to parameter of type 'string'.
  Type 'string[]' is not assignable to type 'string'.
src/modules/ticket/ticket.controller.ts(38,57): error TS2345: Argument of type 'string | string[]' is not assignable to parameter of type 'string'.
  Type 'string[]' is not assignable to type 'string'.
src/modules/ticket/ticket.controller.ts(55,63): error TS2345: Argument of type 'string | string[]' is not assignable to parameter of type 'string'.
  Type 'string[]' is not assignable to type 'string'.
